Внутри у нас есть бинарник. Бинарник можно разобрать через Cutter, чтобы понять что примерно происходит в бинарнике.
В бинарнике можно увидеть как сравниваются значения. И если это значение 5276, то запускается bash.
Breakpoint установить и по коду пройтись, чтобы запринтить значение регистров - невозможно. Т.к. при компиляции этого бинарника должны были указать флаг -g.
На 8-ой строке видим, что есть значение для сравнения 0X149c. Это число переводим из шестнадцатеричной системы счисления на 10-ую и получаем число 
   0x080484e7 <+83>:    cmp    $0x149c,%eax
   В disas main видно, что вызывается функция сравнения и передаются два значения.
p 0x149c
5276.
level00@OverRide:~$ ./level00 5276
***********************************
*            -Level00 -           *
***********************************
Password:5276

Authenticated!
$ pwd 
/home/users/level00
$ whoami
level01
$ cat .pass     
cat: .pass: No such file or directory
$ pwd     
/home/users/level00
$ cat /home/users/level01/.pass
uSq2ehEGT6c9S24zbshexZQBXUGrncxn5sD5QfGL
$ su level01

FAQ:
Если вопрос про копирование бинарника из источника в наш комп:
scp -P 4242 level03@192.168.64.10:/home/users/level03/level03.txt .
Далее открываем в Cutter и декомпилируем через Ghidra.
